[0m18:16:38.685929 [debug] [MainThread]: Sending event: {'category': 'dbt', 'action': 'invocation', 'label': 'start', 'context': [<snowplow_tracker.self_describing_json.SelfDescribingJson object at 0x00000223FDFA6660>, <snowplow_tracker.self_describing_json.SelfDescribingJson object at 0x00000223FF5F3D90>, <snowplow_tracker.self_describing_json.SelfDescribingJson object at 0x00000223FF5F39D0>]}


============================== 18:16:38.700977 | dc0a4a55-40fc-4c2b-9507-a8cfd5fe15ca ==============================
[0m18:16:38.700977 [info ] [MainThread]: Running with dbt=1.12.3
[0m18:16:38.701950 [debug] [MainThread]: running dbt with arguments {'static_parser': 'True', 'no_print': 'None', 'maximum_seed_size_mib': '1', 'target_path': 'None', 'warn_error_options': 'WarnErrorOptionsV2(error=[], warn=[], silence=[])', 'version_check': 'True', 'printer_width': '80', 'write_json': 'True', 'introspect': 'True', 'log_cache_events': 'False', 'empty': 'None', 'cache_selected_only': 'False', 'log_format': 'default', 'debug': 'False', 'fail_fast': 'False', 'partial_parse': 'True', 'send_anonymous_usage_stats': 'True', 'quiet': 'False', 'warn_error': 'None', 'profiles_dir': 'C:\\Users\\Jex\\.dbt', 'invocation_command': 'dbt init', 'hints_enabled': 'True', 'indirect_selection': 'eager', 'use_experimental_parser': 'False', 'use_colors': 'True', 'log_path': 'logs'}
[0m18:16:55.627148 [debug] [MainThread]: Starter project path: C:\Users\Jex\OneDrive\Documents\Job hunt\Google Career Certification\Data Analytics\Course 8 CAPSTONE\Bikers analysis\venv\Lib\site-packages\dbt\include\starter_project
[0m18:16:55.663209 [info ] [MainThread]: Setting up your profile.
[0m18:17:38.733329 [info ] [MainThread]: Profile bikers_analysis written to C:\Users\Jex\.dbt\profiles.yml using target's profile_template.yml and your supplied values.
[0m18:17:38.735024 [info ] [MainThread]: Running dbt debug to validate the project...
[0m18:17:38.735722 [info ] [MainThread]: dbt version: 1.12.3
[0m18:17:38.736182 [info ] [MainThread]: python version: 3.13.5
[0m18:17:38.736638 [info ] [MainThread]: python path: C:\Users\Jex\OneDrive\Documents\Job hunt\Google Career Certification\Data Analytics\Course 8 CAPSTONE\Bikers analysis\venv\Scripts\python.exe
[0m18:17:38.736979 [info ] [MainThread]: os info: Windows-11-10.0.26200-SP0
[0m18:17:38.783444 [info ] [MainThread]: Using profiles dir at C:\Users\Jex\.dbt
[0m18:17:38.784317 [info ] [MainThread]: Using profiles.yml file at C:\Users\Jex\.dbt\profiles.yml
[0m18:17:38.785051 [info ] [MainThread]: Using dbt_project.yml file at C:\Users\Jex\OneDrive\Documents\Job hunt\Google Career Certification\Data Analytics\Course 8 CAPSTONE\Bikers analysis\bikers_analysis\dbt_project.yml
[0m18:17:38.786226 [info ] [MainThread]: adapter type: postgres
[0m18:17:38.786794 [info ] [MainThread]: adapter version: 1.11.0
[0m18:17:38.930210 [info ] [MainThread]: Configuration:
[0m18:17:38.930893 [info ] [MainThread]:   profiles.yml file [[32mOK found and valid[0m]
[0m18:17:38.931431 [info ] [MainThread]:   dbt_project.yml file [[32mOK found and valid[0m]
[0m18:17:38.931941 [info ] [MainThread]: Required dependencies:
[0m18:17:38.932465 [debug] [MainThread]: Executing "git --help"
[0m18:17:38.985506 [debug] [MainThread]: STDOUT: "b"usage: git [-v | --version] [-h | --help] [-C <path>] [-c <name>=<value>]\n           [--exec-path[=<path>]] [--html-path] [--man-path] [--info-path]\n           [-p | --paginate | -P | --no-pager] [--no-replace-objects] [--no-lazy-fetch]\n           [--no-optional-locks] [--no-advice] [--bare] [--git-dir=<path>]\n           [--work-tree=<path>] [--namespace=<name>] [--config-env=<name>=<envvar>]\n           <command> [<args>]\n\nThese are common Git commands used in various situations:\n\nstart a working area (see also: git help tutorial)\n   clone      Clone a repository into a new directory\n   init       Create an empty Git repository or reinitialize an existing one\n\nwork on the current change (see also: git help everyday)\n   add        Add file contents to the index\n   mv         Move or rename a file, a directory, or a symlink\n   restore    Restore working tree files\n   rm         Remove files from the working tree and from the index\n\nexamine the history and state (see also: git help revisions)\n   bisect     Use binary search to find the commit that introduced a bug\n   diff       Show changes between commits, commit and working tree, etc\n   grep       Print lines matching a pattern\n   log        Show commit logs\n   show       Show various types of objects\n   status     Show the working tree status\n\ngrow, mark and tweak your common history\n   backfill   Download missing objects in a partial clone\n   branch     List, create, or delete branches\n   commit     Record changes to the repository\n   merge      Join two or more development histories together\n   rebase     Reapply commits on top of another base tip\n   reset      Reset current HEAD to the specified state\n   switch     Switch branches\n   tag        Create, list, delete or verify a tag object signed with GPG\n\ncollaborate (see also: git help workflows)\n   fetch      Download objects and refs from another repository\n   pull       Fetch from and integrate with another repository or a local branch\n   push       Update remote refs along with associated objects\n\n'git help -a' and 'git help -g' list available subcommands and some\nconcept guides. See 'git help <command>' or 'git help <concept>'\nto read about a specific subcommand or concept.\nSee 'git help git' for an overview of the system.\n""
[0m18:17:38.986050 [debug] [MainThread]: STDERR: "b''"
[0m18:17:38.986520 [info ] [MainThread]:  - git [[32mOK found[0m]

[0m18:17:38.986970 [info ] [MainThread]: Connection:
[0m18:17:38.987301 [info ] [MainThread]:   host: localhost
[0m18:17:38.987601 [info ] [MainThread]:   port: 5432
[0m18:17:38.987881 [info ] [MainThread]:   user: postgres
[0m18:17:38.988152 [info ] [MainThread]:   database: bikers_analysis
[0m18:17:38.988484 [info ] [MainThread]:   schema: schema
[0m18:17:38.988805 [info ] [MainThread]:   connect_timeout: 10
[0m18:17:38.989122 [info ] [MainThread]:   role: None
[0m18:17:38.989436 [info ] [MainThread]:   search_path: None
[0m18:17:38.989759 [info ] [MainThread]:   keepalives_idle: 0
[0m18:17:38.990065 [info ] [MainThread]:   sslmode: None
[0m18:17:38.990380 [info ] [MainThread]:   sslcert: None
[0m18:17:38.990698 [info ] [MainThread]:   sslkey: None
[0m18:17:38.990996 [info ] [MainThread]:   sslrootcert: None
[0m18:17:38.991279 [info ] [MainThread]:   application_name: dbt
[0m18:17:38.991578 [info ] [MainThread]:   autocommit: False
[0m18:17:38.991867 [info ] [MainThread]:   retries: 1
[0m18:17:38.992653 [info ] [MainThread]: Registered adapter: postgres=1.11.0
[0m18:17:39.303289 [debug] [MainThread]: Acquiring new postgres connection 'debug'
[0m18:17:39.404227 [debug] [MainThread]: Using postgres connection "debug"
[0m18:17:39.404647 [debug] [MainThread]: On debug: select 1 as id
[0m18:17:39.404969 [debug] [MainThread]: Opening a new connection, currently in state init
[0m18:17:39.470290 [debug] [MainThread]: SQL status: SELECT 1 in 0.065 seconds
[0m18:17:39.471318 [debug] [MainThread]: On debug: Close
[0m18:17:39.471735 [info ] [MainThread]:   Connection test: [[32mOK connection ok[0m]

[0m18:17:39.472257 [info ] [MainThread]: [32mAll checks passed![0m
[0m18:17:39.472806 [info ] [MainThread]: Your new dbt project "bikers_analysis" was created!
Initialized new project in C:\Users\Jex\OneDrive\Documents\Job hunt\Google Career Certification\Data Analytics\Course 8 CAPSTONE\Bikers analysis\bikers_analysis\bikers_analysis

For more information on how to configure the profiles.yml file,
please consult the dbt documentation here:

  https://docs.getdbt.com/docs/configure-your-profile

One more thing:

Need help? Don't hesitate to reach out to us via GitHub issues or on Slack:

  https://community.getdbt.com/

Happy modeling!

[0m18:17:39.474087 [debug] [MainThread]: Command `dbt init` succeeded at 18:17:39.473907 after 61.02 seconds
[0m18:17:39.474611 [debug] [MainThread]: Connection 'debug' was properly closed.
[0m18:17:39.475116 [debug] [MainThread]: Sending event: {'category': 'dbt', 'action': 'invocation', 'label': 'end', 'context': [<snowplow_tracker.self_describing_json.SelfDescribingJson object at 0x00000223FF7789D0>, <snowplow_tracker.self_describing_json.SelfDescribingJson object at 0x00000223FF5AD370>, <snowplow_tracker.self_describing_json.SelfDescribingJson object at 0x00000223FF88B240>]}
[0m18:17:39.475589 [debug] [MainThread]: Flushing usage events
[0m18:17:40.676037 [debug] [MainThread]: An error was encountered while trying to flush usage events
